// Jest Snapshot v1, https://goo.gl/fbAQLP

exports[`<DinoDetailsCard /> With an empty data set should render an empty grid 1`] = `
<div
  className="App"
>
  <styled.h1>
    name
  </styled.h1>
  <DinoImage
    alt="name"
    className="main"
    src="image"
  />
  <styled.ul>
    <styled.li>
      name: 
      name
    </styled.li>
    <styled.li>
      pronunciation: 
      pronunciation
    </styled.li>
    <styled.li>
      meaningOfName: 
      meaningOfName
    </styled.li>
    <styled.li>
      diet: 
      diet
    </styled.li>
    <styled.li>
      length: 
      length
    </styled.li>
    <styled.li>
      period: 
      period
    </styled.li>
    <styled.li>
      mya: 
      mya
    </styled.li>
    <styled.li>
      info: 
      info
    </styled.li>
  </styled.ul>
</div>
`;
