// Jest Snapshot v1, https://goo.gl/fbAQLP

exports[`<Navigation /> should render correctly 1`] = `
<styled.nav>
  <NavLink
    activeClassName="active"
    ariaCurrent="true"
    exact={true}
    to="/dinos"
  >
    Dinos
  </NavLink>
  <NavLink
    activeClassName="active"
    ariaCurrent="true"
    exact={true}
    to="/animals"
  >
    Animals
  </NavLink>
  <NavLink
    activeClassName="active"
    ariaCurrent="true"
    to={
      Object {
        "pathname": "/dinos/memory",
      }
    }
  >
    Dino MG
  </NavLink>
  <NavLink
    activeClassName="active"
    ariaCurrent="true"
    to={
      Object {
        "pathname": "/animals/memory",
      }
    }
  >
    Animals MG
  </NavLink>
  <NavLink
    activeClassName="active"
    ariaCurrent="true"
    to={
      Object {
        "pathname": "/birds/memory",
      }
    }
  >
    Birds MG
  </NavLink>
  <NavLink
    activeClassName="active"
    ariaCurrent="true"
    to={
      Object {
        "pathname": "/numbers/counting",
      }
    }
  >
    Counting
  </NavLink>
</styled.nav>
`;
