// Jest Snapshot v1, https://goo.gl/fbAQLP

exports[`<Navigation /> should render correctly 1`] = `
<styled.nav>
  <NavLink
    activeClassName="active"
    ariaCurrent="true"
    exact={true}
    to="/dinos"
  >
    Dinos
  </NavLink>
  <NavLink
    activeClassName="active"
    ariaCurrent="true"
    to={
      Object {
        "pathname": "/dinos/memory",
      }
    }
  >
    Dino Memory game
  </NavLink>
  <NavLink
    activeClassName="active"
    ariaCurrent="true"
    to={
      Object {
        "pathname": "/animals/memory",
      }
    }
  >
    Animals Memory game
  </NavLink>
  <NavLink
    activeClassName="active"
    ariaCurrent="true"
    to={
      Object {
        "pathname": "/birds/memory",
      }
    }
  >
    Birds Memory game
  </NavLink>
</styled.nav>
`;
