// Jest Snapshot v1, https://goo.gl/fbAQLP

exports[`<DinoCard /> should render correctly 1`] = `
<Styled(NavLink)
  to="/dino/Dino name"
>
  <styled.div>
    <styled.img
      alt="Dino name"
      src="abelisaurus"
    />
  </styled.div>
  <styled.ul>
    <DietIcon
      diet="carnivore"
    />
    <HabitatIcon />
  </styled.ul>
  <styled.h2>
    Dino name
  </styled.h2>
</Styled(NavLink)>
`;
